Starting a Gradle Daemon, 2 incompatible and 4 stopped Daemons could not be reused, use --status for details
